unlink(Z:\home\localhost\www\commander\) [<a href='function.unlink'>function.unlink</a>]: Permission denied
Z:\home\localhost\www\commander\